// Jest Snapshot v1, https://goo.gl/fbAQLP

exports[`AdminDashboard component uses the MUI theme components and classes to style the page 1`] = `
<div>
  <div
    class="makeStyles-root-361"
  >
    <div
      class="makeStyles-side-365"
    >
      <h1
        class="makeStyles-heading-362"
      >
        test me
      </h1>
      <ul
        class="MuiList-root makeStyles-root-367 MuiList-padding"
      >
         
        <a
          aria-disabled="false"
          class="MuiButtonBase-root MuiListItem-root MuiListItem-gutters MuiListItem-button"
          href="/quick-find"
          role="button"
          tabindex="0"
        >
          <div
            style="padding-right: 0px;"
          />
          <span
            aria-hidden="true"
            class="material-icons MuiIcon-root fas fa-search MuiIcon-colorPrimary"
          />
          <div
            class="MuiListItemText-root"
          >
            <span
              class="MuiTypography-root MuiListItemText-primary MuiTypography-body1"
            >
              Quick find
            </span>
          </div>
          <span
            class="MuiTouchRipple-root"
          />
        </a>
        <a
          aria-disabled="false"
          class="MuiButtonBase-root MuiListItem-root MuiListItem-gutters MuiListItem-button"
          href="/pages"
          role="button"
          tabindex="0"
        >
          <div
            style="padding-right: 0px;"
          />
          <span
            aria-hidden="true"
            class="material-icons MuiIcon-root fas fa-file MuiIcon-colorPrimary"
          />
          <div
            class="MuiListItemText-root"
          >
            <span
              class="MuiTypography-root MuiListItemText-primary MuiTypography-body1"
            >
              Pages
            </span>
          </div>
          <span
            class="MuiTouchRipple-root"
          />
        </a>
        <a
          aria-disabled="false"
          class="MuiButtonBase-root MuiListItem-root MuiListItem-gutters MuiListItem-button"
          href="/articles"
          role="button"
          tabindex="0"
        >
          <div
            style="padding-right: 0px;"
          />
          <span
            aria-hidden="true"
            class="material-icons MuiIcon-root fas fa-newspaper MuiIcon-colorPrimary"
          />
          <div
            class="MuiListItemText-root"
          >
            <span
              class="MuiTypography-root MuiListItemText-primary MuiTypography-body1"
            >
              Articles
            </span>
          </div>
          <span
            class="MuiTouchRipple-root"
          />
        </a>
        <a
          aria-disabled="false"
          class="MuiButtonBase-root MuiListItem-root MuiListItem-gutters MuiListItem-button"
          href="/menus"
          role="button"
          tabindex="0"
        >
          <div
            style="padding-right: 0px;"
          />
          <span
            aria-hidden="true"
            class="material-icons MuiIcon-root fas fa-list-alt MuiIcon-colorPrimary"
          />
          <div
            class="MuiListItemText-root"
          >
            <span
              class="MuiTypography-root MuiListItemText-primary MuiTypography-body1"
            >
              Menus
            </span>
          </div>
          <span
            class="MuiTouchRipple-root"
          />
        </a>
        <a
          aria-disabled="false"
          class="MuiButtonBase-root MuiListItem-root MuiListItem-gutters MuiListItem-button"
          href="/categories"
          role="button"
          tabindex="0"
        >
          <div
            style="padding-right: 0px;"
          />
          <span
            aria-hidden="true"
            class="material-icons MuiIcon-root fas fa-tag MuiIcon-colorPrimary"
          />
          <div
            class="MuiListItemText-root"
          >
            <span
              class="MuiTypography-root MuiListItemText-primary MuiTypography-body1"
            >
              Categories / Tags
            </span>
          </div>
          <span
            class="MuiTouchRipple-root"
          />
        </a>
        <a
          aria-disabled="false"
          class="MuiButtonBase-root MuiListItem-root MuiListItem-gutters MuiListItem-button"
          href="/media-library"
          role="button"
          tabindex="0"
        >
          <div
            style="padding-right: 0px;"
          />
          <span
            aria-hidden="true"
            class="material-icons MuiIcon-root fas fa-photo-video MuiIcon-colorPrimary"
          />
          <div
            class="MuiListItemText-root"
          >
            <span
              class="MuiTypography-root MuiListItemText-primary MuiTypography-body1"
            >
              Media Library
            </span>
          </div>
          <span
            class="MuiTouchRipple-root"
          />
        </a>
        <a
          aria-disabled="false"
          class="MuiButtonBase-root MuiListItem-root MuiListItem-gutters MuiListItem-button"
          href="/users"
          role="button"
          tabindex="0"
        >
          <div
            style="padding-right: 0px;"
          />
          <span
            aria-hidden="true"
            class="material-icons MuiIcon-root fas fa-user-friends MuiIcon-colorPrimary"
          />
          <div
            class="MuiListItemText-root"
          >
            <span
              class="MuiTypography-root MuiListItemText-primary MuiTypography-body1"
            >
              Users
            </span>
          </div>
          <span
            class="MuiTouchRipple-root"
          />
        </a>
        <div
          aria-disabled="false"
          class="MuiButtonBase-root MuiListItem-root MuiListItem-gutters MuiListItem-button"
          role="button"
          tabindex="0"
          to=""
        >
          <div
            style="padding-right: 0px;"
          />
          <span
            aria-hidden="true"
            class="material-icons MuiIcon-root fas fa-eye MuiIcon-colorPrimary"
          />
          <div
            class="MuiListItemText-root"
          >
            <span
              class="MuiTypography-root MuiListItemText-primary MuiTypography-body1"
            >
              goto View
            </span>
          </div>
          <span
            class="MuiTouchRipple-root"
          />
        </div>
        <a
          aria-disabled="false"
          class="MuiButtonBase-root MuiListItem-root MuiListItem-gutters MuiListItem-button"
          href="/sign-out"
          role="button"
          tabindex="0"
        >
          <div
            style="padding-right: 0px;"
          />
          <span
            aria-hidden="true"
            class="material-icons MuiIcon-root fas fa-long-arrow-alt-left MuiIcon-colorPrimary"
          />
          <div
            class="MuiListItemText-root"
          >
            <span
              class="MuiTypography-root MuiListItemText-primary MuiTypography-body1"
            >
              Sign out
            </span>
          </div>
          <span
            class="MuiTouchRipple-root"
          />
        </a>
         
      </ul>
    </div>
    <div
      class="makeStyles-main-363"
    >
      <div
        class="makeStyles-top-366"
      />
      <ul
        class="MuiGridList-root makeStyles-gridList-364"
        style="margin: -2px;"
      >
        <div
          class="MuiPaper-root MuiCard-root makeStyles-root-432 MuiPaper-elevation1 MuiPaper-rounded"
        >
          <button
            class="MuiButtonBase-root MuiCardActionArea-root"
            tabindex="0"
            type="button"
          >
            <a
              class="makeStyles-link-433"
              href="/pages"
            >
              <div
                class="MuiCardContent-root"
              >
                <div
                  class="MuiCardMedia-root makeStyles-media-434"
                  style="background-image: url(todo);"
                  title="Pages"
                />
                <h5
                  class="MuiTypography-root MuiTypography-h5 MuiTypography-colorSecondary MuiTypography-alignCenter"
                >
                  Pages
                </h5>
              </div>
            </a>
            <span
              class="MuiCardActionArea-focusHighlight"
            />
            <span
              class="MuiTouchRipple-root"
            />
          </button>
        </div>
        <div
          class="MuiPaper-root MuiCard-root makeStyles-root-432 MuiPaper-elevation1 MuiPaper-rounded"
        >
          <button
            class="MuiButtonBase-root MuiCardActionArea-root"
            tabindex="0"
            type="button"
          >
            <a
              class="makeStyles-link-433"
              href="/articles"
            >
              <div
                class="MuiCardContent-root"
              >
                <div
                  class="MuiCardMedia-root makeStyles-media-434"
                  style="background-image: url(todo);"
                  title="Articles"
                />
                <h5
                  class="MuiTypography-root MuiTypography-h5 MuiTypography-colorSecondary MuiTypography-alignCenter"
                >
                  Articles
                </h5>
              </div>
            </a>
            <span
              class="MuiCardActionArea-focusHighlight"
            />
            <span
              class="MuiTouchRipple-root"
            />
          </button>
        </div>
        <div
          class="MuiPaper-root MuiCard-root makeStyles-root-432 MuiPaper-elevation1 MuiPaper-rounded"
        >
          <button
            class="MuiButtonBase-root MuiCardActionArea-root"
            tabindex="0"
            type="button"
          >
            <a
              class="makeStyles-link-433"
              href="/menus"
            >
              <div
                class="MuiCardContent-root"
              >
                <div
                  class="MuiCardMedia-root makeStyles-media-434"
                  style="background-image: url(todo);"
                  title="Menus"
                />
                <h5
                  class="MuiTypography-root MuiTypography-h5 MuiTypography-colorSecondary MuiTypography-alignCenter"
                >
                  Menus
                </h5>
              </div>
            </a>
            <span
              class="MuiCardActionArea-focusHighlight"
            />
            <span
              class="MuiTouchRipple-root"
            />
          </button>
        </div>
        <div
          class="MuiPaper-root MuiCard-root makeStyles-root-432 MuiPaper-elevation1 MuiPaper-rounded"
        >
          <button
            class="MuiButtonBase-root MuiCardActionArea-root"
            tabindex="0"
            type="button"
          >
            <a
              class="makeStyles-link-433"
              href="/users"
            >
              <div
                class="MuiCardContent-root"
              >
                <div
                  class="MuiCardMedia-root makeStyles-media-434"
                  style="background-image: url(todo);"
                  title="Users"
                />
                <h5
                  class="MuiTypography-root MuiTypography-h5 MuiTypography-colorSecondary MuiTypography-alignCenter"
                >
                  Users
                </h5>
              </div>
            </a>
            <span
              class="MuiCardActionArea-focusHighlight"
            />
            <span
              class="MuiTouchRipple-root"
            />
          </button>
        </div>
      </ul>
    </div>
  </div>
</div>
`;
