// Jest Snapshot v1, https://goo.gl/fbAQLP

exports[`InputField component When the type prop is "image" composes a select component 1`] = `
<div>
  <h6
    class="MuiTypography-root MuiTypography-h6 MuiTypography-colorError MuiTypography-gutterBottom"
  >
    mock label name
  </h6>
  <div
    aspectratio="1.333"
    class="MuiFormControl-root MuiTextField-root makeStyles-input-87 MuiFormControl-fullWidth"
    options="hello,test,person"
    path="/a/path/to/test.jpg"
  >
    <div
      class="MuiInputBase-root MuiInput-root MuiInput-underline Mui-error Mui-error MuiInputBase-fullWidth MuiInput-fullWidth MuiInputBase-formControl MuiInput-formControl"
    >
      <input
        aria-invalid="true"
        class="MuiInputBase-input MuiInput-input"
        name="test input"
        type="text"
        value="mock value"
      />
    </div>
  </div>
  <p
    class="MuiTypography-root MuiTypography-body2 MuiTypography-colorError MuiTypography-gutterBottom"
  >
    mock error string
  </p>
</div>
`;

exports[`InputField component When the type prop is "select" composes a select component 1`] = `
<div>
  <h6
    class="MuiTypography-root MuiTypography-h6 MuiTypography-colorError MuiTypography-gutterBottom"
  >
    mock label name
  </h6>
  <div
    class="MuiInputBase-root MuiInput-root MuiInput-underline"
    theme="[object Object]"
  >
    <div
      aria-haspopup="listbox"
      aria-labelledby=" mui-component-select-test input"
      class="MuiSelect-root MuiSelect-select MuiSelect-selectMenu MuiInputBase-input MuiInput-input"
      id="mui-component-select-test input"
      role="button"
      tabindex="0"
    >
      Hello
    </div>
    <input
      name="test input"
      type="hidden"
      value="hello"
    />
    <svg
      aria-hidden="true"
      class="MuiSvgIcon-root MuiSelect-icon"
      focusable="false"
      role="presentation"
      viewBox="0 0 24 24"
    >
      <path
        d="M7 10l5 5 5-5z"
      />
    </svg>
  </div>
  <p
    class="MuiTypography-root MuiTypography-body2 MuiTypography-colorError MuiTypography-gutterBottom"
  >
    mock error string
  </p>
</div>
`;

exports[`InputField component When the type prop is "tags" composes a the TagsSelect component 1`] = `
<div>
  <div
    class=" css-2b097c-container"
  >
    <div
      class=" css-yk16xz-control"
    >
      <div
        class=" css-g1d714-ValueContainer"
      >
        <div
          class=" css-1wa3eu0-placeholder"
        >
          Select...
        </div>
        <div
          class="css-b8ldur-Input"
        >
          <div
            class=""
            style="display: inline-block;"
          >
            <input
              aria-autocomplete="list"
              autocapitalize="none"
              autocomplete="off"
              autocorrect="off"
              id="test input"
              spellcheck="false"
              style="box-sizing: content-box; width: 2px; border: 0px; opacity: 1; outline: 0; padding: 0px;"
              tabindex="0"
              type="text"
              value=""
            />
            <div
              style="position: absolute; top: 0px; left: 0px; visibility: hidden; height: 0px; overflow: scroll; white-space: pre; font-family: -webkit-small-control; letter-spacing: normal; text-transform: none;"
            />
          </div>
        </div>
      </div>
      <div
        class=" css-1hb7zxy-IndicatorsContainer"
      >
        <span
          class=" css-1okebmr-indicatorSeparator"
        />
        <div
          aria-hidden="true"
          class=" css-tlfecz-indicatorContainer"
        >
          <svg
            aria-hidden="true"
            class="css-6q0nyr-Svg"
            focusable="false"
            height="20"
            viewBox="0 0 20 20"
            width="20"
          >
            <path
              d="M4.516 7.548c0.436-0.446 1.043-0.481 1.576 0l3.908 3.747 3.908-3.747c0.533-0.481 1.141-0.446 1.574 0 0.436 0.445 0.408 1.197 0 1.615-0.406 0.418-4.695 4.502-4.695 4.502-0.217 0.223-0.502 0.335-0.787 0.335s-0.57-0.112-0.789-0.335c0 0-4.287-4.084-4.695-4.502s-0.436-1.17 0-1.615z"
            />
          </svg>
        </div>
      </div>
    </div>
    <div>
      <input
        name="test input"
        type="hidden"
      />
    </div>
  </div>
</div>
`;
